// Jest Snapshot v1, https://goo.gl/fbAQLP

exports[`HeaderContainer renders the header 1`] = `undefined`;
