// Jest Snapshot v1, https://goo.gl/fbAQLP

exports[`CartContainer should render the container component 1`] = `undefined`;
