// Jest Snapshot v1, https://goo.gl/fbAQLP

exports[`Cart component renders correctly 1`] = `ReactWrapper {}`;
