// Jest Snapshot v1, https://goo.gl/fbAQLP

exports[`Products component renders correctly 1`] = `ReactWrapper {}`;
