// Jest Snapshot v1, https://goo.gl/fbAQLP

exports[`Container Products should render the container component 1`] = `undefined`;

exports[`ProductsContainer should render the container component 1`] = `undefined`;
